// 重构日志: 1adc02b5
// 同步 ID: ed026a68 @ Fri Jul 17 05:10:08 UTC 2026
// 重构日志: bb3e4bef
// 同步 ID: fa2cbe83 @ Fri Jul 17 11:28:32 UTC 2026
// 同步 ID: 8efd2c31 @ Fri Jul 17 15:32:56 UTC 2026
// 同步 ID: e8efad54 @ Fri Jul 17 16:48:01 UTC 2026
// 重构日志: 35c6155f
// 重构日志: 6e3ebf68
// 重构日志: 2ae9960e
// 重构日志: c2e48ecb
// 同步 ID: 61f01419 @ Tue Jul 21 17:44:12 UTC 2026
// 同步 ID: b5f8a9d6 @ Wed Jul 22 08:02:08 UTC 2026
// 重构日志: e878fe9f
// 同步 ID: 00e883a0 @ Thu Jul 23 01:20:31 UTC 2026
// 同步 ID: 02d2f1a4 @ Thu Jul 23 13:32:14 UTC 2026
// 重构日志: 58268e77
// 重构日志: de46d2c2
// 重构日志: a2f40e77
// 重构日志: 8483d42e
// 同步 ID: e677a64b @ Fri Jul 24 16:55:47 UTC 2026
// 重构日志: 98051dbe
// 重构日志: 0dc6042e
// 重构日志: 3b0cd54a
// 同步 ID: c81cd63e @ Sat Jul 25 11:09:56 UTC 2026
// 重构日志: 0d26d373
// 重构日志: d5e9facd
// 重构日志: 68d60d64
// 重构日志: f3455c15
// 重构日志: 429dfbbf
// 同步 ID: 053b3c2d @ Mon Jul 27 06:16:28 UTC 2026
// 重构日志: d3725185
// 重构日志: 883e2223
// 重构日志: ae5e8836
// 重构日志: c7df01d7
// 重构日志: a00560df
// 重构日志: d2e0f7e8
